@V@/build-aux/javacomp.sh.in              @V@/build-aux/javacomp.sh-in
@V@/build-aux/javaexec.sh.in              @V@/build-aux/javaexec.sh-in
@V@/data/c++-skel.m4                      @V@/data/cxx-skel.m4
@V@/data/c++.m4                           @V@/data/cxx.m4
@V@/doc/yacc.1.in                         @V@/doc/yacc.1-in
@V@/etc/bench.pl.in                       @V@/etc/bench.pl-in
@V@/examples/calc++/                      @V@/examples/calcxx/
@V@/examples/calc++/Makefile.am           @V@/examples/calcxx/Makefile.am
@V@/examples/calc++/Makefile.in           @V@/examples/calcxx/Makefile.in
@V@/examples/calc++/calc++-scanner.cc     @V@/examples/calcxx/calcxx-scanner.cc
@V@/examples/calc++/calc++-scanner.ll     @V@/examples/calcxx/calcxx-scanner.ll
@V@/examples/calc++/calc++.cc             @V@/examples/calcxx/calcxx.cc
@V@/examples/calc++/calc++-driver.hh      @V@/examples/calcxx/calcxx-driver.hh
@V@/examples/calc++/calc++-driver.cc      @V@/examples/calcxx/calcxx-driver.cc
@V@/examples/calc++/stack.hh              @V@/examples/calcxx/stack.hh
@V@/examples/calc++/position.hh           @V@/examples/calcxx/position.hh
@V@/examples/calc++/location.hh           @V@/examples/calcxx/location.hh
@V@/examples/calc++/calc++-parser.hh      @V@/examples/calcxx/calcxx-parser.hh
@V@/examples/calc++/calc++-parser.cc      @V@/examples/calcxx/calcxx-parser.cc
@V@/examples/calc++/calc++-parser.stamp   @V@/examples/calcxx/calcxx-parser.stamp
@V@/examples/calc++/calc++-parser.yy      @V@/examples/calcxx/calcxx-parser.yy
@V@/examples/calc++/test                  @V@/examples/calcxx/test
@V@/po/Makefile.in.in                     @V@/po/Makefile.in-in
@V@/runtime-po/Makefile.in.in             @V@/runtime-po/Makefile.in-in
@V@/src/scan-gram-c.c                     @V@/src/c-scan-gram.c
@V@/src/scan-skel-c.c                     @V@/src/c-scan-skel.c
@V@/tests/c++.at                          @V@/tests/cxx.at
